C51 COMPILER V9.60.0.0   APP                                                               03/18/2023 23:14:21 PAGE 1   


C51 COMPILER V9.60.0.0, COMPILATION OF MODULE APP
OBJECT MODULE PLACED IN .\Objects\app.obj
COMPILER INVOKED BY: C:\Keil_v5\C51\BIN\C51.EXE src\app.c OPTIMIZE(7,SPEED) BROWSE INCDIR(.\inc;.\Library\Device\Include
                    -;.\Library\StdDriver\inc;..\Project) DEBUG OBJECTEXTEND PRINT(.\Listings\app.lst) TABS(2) OBJECT(.\Objects\app.obj)

line level    source

   1          #include "app.h"
   2          
   3          /********************************************//**
   4           *   User variables
   5           ***********************************************/
   6          static unsigned char xdata t_hour_begin, t_minute_begin, t_second_begin;
   7          static unsigned char xdata t_hour_end, t_minute_end, t_second_end;
   8          
   9          // rtc
  10          static RTC_time_t xdata rtc_time;
  11          static RTC_date_t xdata rtc_date;
  12          
  13          // ds1307
  14          volatile uint16_t tick = 0;
  15          volatile unsigned char xdata request_ds1307_interval = LOW;
  16          
  17          // button
  18          static STATE_t xdata state = NORMAL;
  19          
  20          // timer
  21          static unsigned char xdata timer_flag         = FLOATNG;
  22          static unsigned char xdata timer_en_flag      = LOW;
  23          static unsigned char xdata timer_mode_flag    = FLOATNG;
  24          
  25          // uart
  26          char xdata payLoad[PAYLOAD_LEN];
  27          unsigned char xdata index_data = 0;
  28          /********************************************//**
  29           *   User functions
  30           ***********************************************/
  31          void app_init(void)
  32          {
  33   1        MODIFY_HIRC(HIRC_16);
  34   1        
  35   1        // Initialize GPIO
  36   1        GPIO_init();
  37   1        
  38   1        // Initialize UART
  39   1        uart_init();
  40   1        
  41   1        // Initialize delay - timer0
  42   1        Delay_init();
  43   1        
  44   1        // Initialize DS1307
  45   1        DS1307_Init();
  46   1        
  47   1        // Load flash
  48   1        check_btn_last_state();
  49   1        check_timer();
  50   1        
  51   1        // TIMER1 Init 
  52   1        TIM1_init();
  53   1      }
  54          
C51 COMPILER V9.60.0.0   APP                                                               03/18/2023 23:14:21 PAGE 2   

  55          void app_process_action(void)
  56          {
  57   1        check_button();
  58   1      
  59   1        check_uart();
  60   1      
  61   1        check_ds1307();
  62   1      }
  63          
  64          void uart_init(void)
  65          {
  66   1        UART_Open(FREQ_SYS, UART0_Timer3, 9600);
  67   1        ENABLE_UART0_PRINTF;
  68   1        ENABLE_UART0_INTERRUPT;   /* Enable UART0 interrupt */
  69   1        ENABLE_GLOBAL_INTERRUPT;  /* Global interrupt enable */
  70   1      
  71   1        uartFresh();
  72   1      }
  73          
  74          void check_button(void)
  75          {
  76   1        uint16_t timeout = 0, last_state;
  77   1        
  78   1        if (timer_flag == FLOATNG)
  79   1        {
  80   2          if (state == NORMAL)
  81   2          {
  82   3            if(BTN2_PAS == HIGH)
  83   3            {
  84   4              LED_RELAY2 = HIGH;
  85   4              Delay_ms(10);
  86   4              while (BTN2_PAS == HIGH)
  87   4              {
  88   5                if(timeout == 2000)
  89   5                {  
  90   6                  LED_RELAY1 = LOW;         
  91   6                  LED_RELAY2 = HIGH;
  92   6                  state = PASS_HOLD_3S;
  93   6                  
  94   6                  last_state = Read_APROM_BYTE(STATE_MODE);
  95   6                  if( last_state != PASS_HOLD_3S)
  96   6                  {
  97   7                    Write_DATAFLASH_BYTE(STATE_MODE, state);
  98   7                  }
  99   6                }
 100   5                Delay_ms(1);
 101   5                timeout++;
 102   5              }
 103   4            }
 104   3            else 
 105   3            {
 106   4              LED_RELAY2 = (BTN1_COS == HIGH)? HIGH : LOW;
 107   4            }
 108   3          }
 109   2          
 110   2          if (state == PASS_HOLD_3S)
 111   2          {
 112   3            if(BTN2_PAS == HIGH)
 113   3            {
 114   4              LED_RELAY1 = HIGH;
 115   4              Delay_ms(10);
 116   4              
C51 COMPILER V9.60.0.0   APP                                                               03/18/2023 23:14:21 PAGE 3   

 117   4              timeout = 0;
 118   4              while (BTN2_PAS == HIGH)
 119   4              {
 120   5                if(timeout == 2000)
 121   5                {  
 122   6                  LED_RELAY2 = LOW;
 123   6                    
 124   6                  LED_RELAY1 = HIGH;
 125   6                  Delay_ms(100);
 126   6                  LED_RELAY1 = LOW;
 127   6                  Delay_ms(100);
 128   6                  LED_RELAY1 = HIGH;
 129   6                    
 130   6                  state = NORMAL;
 131   6                  
 132   6                  last_state = Read_APROM_BYTE(STATE_MODE);
 133   6                  if( last_state != NORMAL)
 134   6                  {
 135   7                    Write_DATAFLASH_BYTE(STATE_MODE, state);
 136   7                  }
 137   6                }
 138   5                Delay_ms(1);
 139   5                timeout++;
 140   5              }
 141   4            }
 142   3            else
 143   3            {
 144   4              LED_RELAY1 = 0;
 145   4            }
 146   3          }
 147   2        }
 148   1      }
 149          
 150          void check_btn_last_state(void)
 151          {   
 152   1        uint8_t tmp;
 153   1        
 154   1        tmp = Read_APROM_BYTE(STATE_MODE);
 155   1        if(tmp != 0xFF)
 156   1        {
 157   2          state = tmp;
 158   2        }
 159   1        
 160   1        if(state == NORMAL)
 161   1        {
 162   2          LED_RELAY1 = 1;
 163   2          LED_RELAY2 = 0;   
 164   2        }
 165   1        else if (state == PASS_HOLD_3S)
 166   1        {
 167   2          LED_RELAY1 = 0;
 168   2          LED_RELAY2 = 1;   
 169   2        }
 170   1        else 
 171   1        {
 172   2          LED_RELAY1 = 1;
 173   2          LED_RELAY2 = 0;
 174   2        }
 175   1      }
 176          
 177          void check_timer(void)
 178          {
C51 COMPILER V9.60.0.0   APP                                                               03/18/2023 23:14:21 PAGE 4   

 179   1        uint8_t tmp;
 180   1        
 181   1        t_hour_begin     = Read_APROM_BYTE(DS1307_HOURS_START_ADDRESS);
 182   1        t_minute_begin   = Read_APROM_BYTE(DS1307_MINUTE_START_ADDRESS);
 183   1        t_second_begin   = Read_APROM_BYTE(DS1307_SECOND_START_ADDRESS);
 184   1        
 185   1        t_hour_end       = Read_APROM_BYTE(DS1307_HOURS_STOP_ADDRESS);
 186   1        t_minute_end     = Read_APROM_BYTE(DS1307_MINUTE_STOP_ADDRESS);
 187   1        t_second_end     = Read_APROM_BYTE(DS1307_SECOND_STOP_ADDRESS);
 188   1        
 189   1        tmp = Read_APROM_BYTE(DS1307_TIMER_MODE_FLAG);  
 190   1        if(tmp != 0xff)
 191   1        {
 192   2          timer_mode_flag = tmp;
 193   2        }
 194   1        
 195   1        tmp = Read_APROM_BYTE(DS1307_TIMER_FLAG);
 196   1        if(tmp != 0xff)
 197   1        {
 198   2          timer_flag = tmp;
 199   2        }
 200   1        
 201   1        tmp = Read_APROM_BYTE(DS1307_TIMER_EN_FLAG);
 202   1        if(tmp != 0xff)
 203   1        {
 204   2          timer_en_flag = tmp;
 205   2        }
 206   1        
 207   1        if(timer_flag == HIGH)
 208   1        {
 209   2          LED_RELAY1 = HIGH;
 210   2          LED_RELAY2 = LOW;
 211   2        }
 212   1        else if(timer_flag == LOW)
 213   1        {
 214   2          LED_RELAY1 = LOW;
 215   2          LED_RELAY2 = LOW;
 216   2        }
 217   1        else 
 218   1        {
 219   2          
 220   2        }
 221   1      }
 222          
 223          void check_uart(void)
 224          {
 225   1        char xdata header[3], hours[3], minutes[3], seconds[3];
 226   1        
 227   1        if (IsData() == '#')
 228   1        {
 229   2          while(IsAvailable()) // read from message header
 230   2          {
 231   3            if (uartReadByte() == '$') 
 232   3            {
 233   4              payLoad[index_data++] = '$';
 234   4              break;
 235   4            }
 236   3          }
 237   2          
 238   2          while(IsAvailable()) // read the message body
 239   2          {
 240   3            payLoad[index_data++] = uartReadByte();
C51 COMPILER V9.60.0.0   APP                                                               03/18/2023 23:14:21 PAGE 5   

 241   3          }
 242   2          payLoad[index_data] = '\0';
 243   2          // clear buffer
 244   2          uartResetNByte(PAYLOAD_LEN);
 245   2          
 246   2          // parser data
 247   2          parser_data(header, hours, minutes, seconds, payLoad);
 248   2          
 249   2          if(!strcmp(header, "$C"))
 250   2          {
 251   3            rtc_time.hours       = atoi(hours);
 252   3            rtc_time.minutes     = atoi(minutes);
 253   3            rtc_time.seconds     = atoi(seconds);
 254   3            DS1307_Set_Current_Time(&rtc_time);
 255   3        
 256   3            printf("OK\r\n");
 257   3          }
 258   2          else if (!strcmp(header, "$S")) // time A
 259   2          {
 260   3            if (timer_en_flag == LOW) // if timer is DISABLE
 261   3            {
 262   4              t_hour_begin     = atoi(hours);
 263   4              t_minute_begin   = atoi(minutes);
 264   4              t_second_begin   = atoi(seconds);
 265   4          
 266   4              Write_DATAFLASH_BYTE(DS1307_HOURS_START_ADDRESS, t_hour_begin);
 267   4              Write_DATAFLASH_BYTE(DS1307_MINUTE_START_ADDRESS, t_minute_begin);
 268   4              Write_DATAFLASH_BYTE(DS1307_SECOND_START_ADDRESS, t_second_begin);  
 269   4      
 270   4              printf("OK\r\n");   
 271   4            }
 272   3            else
 273   3            {
 274   4              printf("NOT OK => DURING TIMER\r\n");   
 275   4            }
 276   3          }
 277   2          else if (!strcmp(header, "$E")) // time B
 278   2          {
 279   3            if (timer_en_flag == LOW) // if timer is DISABLE
 280   3            {
 281   4              t_hour_end     = atoi(hours);
 282   4              t_minute_end   = atoi(minutes);
 283   4              t_second_end   = atoi(seconds);
 284   4          
 285   4              Write_DATAFLASH_BYTE(DS1307_HOURS_STOP_ADDRESS, t_hour_end);
 286   4              Write_DATAFLASH_BYTE(DS1307_MINUTE_STOP_ADDRESS, t_minute_end);
 287   4              Write_DATAFLASH_BYTE(DS1307_SECOND_STOP_ADDRESS, t_second_end);     
 288   4      
 289   4              printf("OK\r\n");
 290   4            }
 291   3            else
 292   3            {
 293   4              printf("NOT OK => DURING TIMER\r\n");
 294   4            }
 295   3          }
 296   2          else if (!strcmp(header, "$A")) // enable/disable timer
 297   2          {
 298   3            uint8_t val_1, val_2, val_3;
 299   3            
 300   3            val_1   = atoi(hours);
 301   3            val_2   = atoi(minutes);
 302   3            val_3   = atoi(seconds);
C51 COMPILER V9.60.0.0   APP                                                               03/18/2023 23:14:21 PAGE 6   

 303   3            
 304   3            if((val_1 == 0) && (val_2 == 0) && (val_3 == 0))
 305   3            {
 306   4              
 307   4              timer_en_flag = LOW;
 308   4              timer_flag = FLOATNG;
 309   4              
 310   4              Write_DATAFLASH_BYTE(DS1307_TIMER_FLAG, timer_flag);
 311   4              Write_DATAFLASH_BYTE(DS1307_TIMER_EN_FLAG, timer_en_flag);
 312   4              
 313   4              check_btn_last_state();
 314   4              
 315   4              printf("DISABLE\r\n");
 316   4            }
 317   3            else if((val_1 == 11) && (val_2 == 11) && (val_3 == 11))
 318   3            {
 319   4              timer_en_flag = HIGH;
 320   4              timer_flag = LOW;
 321   4              
 322   4              Write_DATAFLASH_BYTE(DS1307_TIMER_FLAG, timer_flag);
 323   4              Write_DATAFLASH_BYTE(DS1307_TIMER_EN_FLAG, timer_en_flag);
 324   4              
 325   4              printf("ENABLE\r\n");
 326   4            }
 327   3          }
 328   2          else
 329   2          {
 330   3            // do something here
 331   3          }
 332   2          
 333   2          // clear buffer
 334   2          index_data = 0;
 335   2          memset(payLoad, 0, PAYLOAD_LEN);
 336   2        }
 337   1      }
 338          
 339          void parser_data(char *header, char *hours, char *minutes, char *seconds, char *payLoad)
 340          {
 341   1        char *p_rx, *p_header, *p_hours, *p_minutes, *p_seconds;
 342   1        
 343   1        // parser data => $C,23,17,05# - Set current time || $S,23,17,05# - Alarm on || $E,23,17,05# - Alarm off
 344   1        if((header != NULL) && (hours != NULL) && (minutes != NULL) && (seconds != NULL) && (payLoad != NULL))
 345   1        { 
 346   2          p_rx = payLoad;
 347   2          p_header = p_rx;
 348   2          p_rx = strchr(p_header, ',');
 349   2          if(p_rx != NULL)
 350   2          {
 351   3            *p_rx = 0;
 352   3            strcpy(header, p_header);
 353   3          }   
 354   2          
 355   2          p_hours = p_rx+1;
 356   2          p_rx = strchr(p_hours, ',');
 357   2          if(p_rx != NULL)
 358   2          {
 359   3              *p_rx = 0;
 360   3              strcpy(hours, p_hours);
 361   3          }
 362   2          
 363   2          p_minutes = p_rx+1;
 364   2          p_rx = strchr(p_minutes, ',');
C51 COMPILER V9.60.0.0   APP                                                               03/18/2023 23:14:21 PAGE 7   

 365   2          if(p_rx != NULL)
 366   2          {
 367   3              *p_rx = 0;
 368   3              strcpy(minutes, p_minutes);
 369   3          }
 370   2          
 371   2          p_seconds = p_rx+1;
 372   2          p_rx = strchr(p_seconds, '#');
 373   2          if(p_rx != NULL)
 374   2          {
 375   3              *p_rx = 0;
 376   3              strcpy(seconds, p_seconds);
 377   3          }
 378   2        }
 379   1      }
 380          
 381          void check_ds1307(void)
 382          {
 383   1        if(request_ds1307_interval == HIGH)
 384   1        {
 385   2          if (timer_en_flag == HIGH) // if timer is ENABLE
 386   2          {
 387   3            // get current time
 388   3            DS1307_Get_Current_Time(&rtc_time);
 389   3            
 390   3            // get current date
 391   3            DS1307_Get_Current_Date(&rtc_date);
 392   3            
 393   3            if(timer_flag == LOW)
 394   3            {
 395   4              if(TIME2SECOND(t_hour_begin, t_minute_begin, t_second_begin) == TIME2SECOND(t_hour_end, t_minute_end, 
             -t_second_end))
 396   4              {
 397   5                timer_flag = FLOATNG;
 398   5                Write_DATAFLASH_BYTE(DS1307_TIMER_FLAG, timer_flag);
 399   5                
 400   5                printf("SET TIMER ERROR\r\n");
 401   5              }
 402   4              
 403   4              // relay 1 on and relay 2 off => 6.am - 17.pm
 404   4              if(TIME2SECOND(t_hour_begin, t_minute_begin, t_second_begin) < TIME2SECOND(t_hour_end, t_minute_end, t
             -_second_end))
 405   4              {
 406   5                printf("1\r\n");
 407   5                if((TIME2SECOND(rtc_time.hours, rtc_time.minutes, rtc_time.seconds) > TIME2SECOND(t_hour_begin, t_min
             -ute_begin, t_second_begin)) && 
 408   5                   (TIME2SECOND(rtc_time.hours, rtc_time.minutes, rtc_time.seconds) < TIME2SECOND(t_hour_end, t_minute
             -_end, t_second_end)))
 409   5                {
 410   6                  LED_RELAY1 = HIGH;
 411   6                  LED_RELAY2 = LOW;
 412   6                  
 413   6                  timer_flag = FLOATNG;
 414   6                  timer_mode_flag = LINE_TIME;
 415   6                  
 416   6                  Write_DATAFLASH_BYTE(DS1307_TIMER_FLAG, timer_flag);
 417   6                  Write_DATAFLASH_BYTE(DS1307_TIMER_MODE_FLAG, timer_mode_flag);
 418   6                  
 419   6                  check_btn_last_state();
 420   6                  printf("Jump into active mode 1\r\n");
 421   6                }
 422   5              }
C51 COMPILER V9.60.0.0   APP                                                               03/18/2023 23:14:21 PAGE 8   

 423   4              
 424   4              // relay 1 on and relay 2 off => 19.pm - 6.am
 425   4              if(TIME2SECOND(t_hour_begin, t_minute_begin, t_second_begin) > TIME2SECOND(t_hour_end, t_minute_end, t
             -_second_end))
 426   4              {
 427   5                printf("2\r\n");
 428   5                if(TIME2SECOND(rtc_time.hours, rtc_time.minutes, rtc_time.seconds) > TIME2SECOND(t_hour_begin, t_minu
             -te_begin, t_second_begin))
 429   5                {
 430   6                  LED_RELAY1 = HIGH;
 431   6                  LED_RELAY2 = LOW;
 432   6                  
 433   6                  timer_flag = FLOATNG;
 434   6                  timer_mode_flag = WRAP_TIME;
 435   6                  
 436   6                  Write_DATAFLASH_BYTE(DS1307_TIMER_FLAG, timer_flag);
 437   6                  Write_DATAFLASH_BYTE(DS1307_TIMER_MODE_FLAG, timer_mode_flag);
 438   6            
 439   6                  check_btn_last_state();
 440   6                  printf("Jump into active mode 2\r\n");
 441   6                } 
 442   5              }
 443   4            }
 444   3            
 445   3            if(timer_flag == FLOATNG)
 446   3            {
 447   4              // relay 1 and relay 2 off => 6.am - 17.pm
 448   4              if((TIME2SECOND(t_hour_begin, t_minute_begin, t_second_begin) < TIME2SECOND(t_hour_end, t_minute_end, 
             -t_second_end)) &&
 449   4                 (timer_mode_flag == LINE_TIME))
 450   4              {
 451   5                printf("12\r\n");
 452   5      
 453   5                if(TIME2SECOND(rtc_time.hours, rtc_time.minutes, rtc_time.seconds) < TIME2SECOND(t_hour_begin, t_min
             -ute_begin, t_second_begin))
 454   5                {
 455   6                  LED_RELAY1 = LOW;
 456   6                  LED_RELAY2 = LOW;
 457   6                  
 458   6                  timer_flag = LOW;
 459   6                  timer_mode_flag = FLOATNG;
 460   6                  
 461   6                  Write_DATAFLASH_BYTE(DS1307_TIMER_FLAG, timer_flag);
 462   6                  Write_DATAFLASH_BYTE(DS1307_TIMER_MODE_FLAG, timer_mode_flag);
 463   6                  
 464   6                  printf("Jump out active mode 1 < \r\n");
 465   6                }
 466   5      
 467   5                if(TIME2SECOND(rtc_time.hours, rtc_time.minutes, rtc_time.seconds) > TIME2SECOND(t_hour_end, t_minute
             -_end, t_second_end))
 468   5                {
 469   6                  LED_RELAY1 = LOW;
 470   6                  LED_RELAY2 = LOW;
 471   6                  
 472   6                  timer_flag = LOW;
 473   6                  timer_mode_flag = FLOATNG;
 474   6      
 475   6                  Write_DATAFLASH_BYTE(DS1307_TIMER_FLAG, timer_flag);
 476   6                  Write_DATAFLASH_BYTE(DS1307_TIMER_MODE_FLAG, timer_mode_flag);
 477   6                  
 478   6                  printf("Jump out active mode 1 > \r\n");
 479   6                }
C51 COMPILER V9.60.0.0   APP                                                               03/18/2023 23:14:21 PAGE 9   

 480   5              }
 481   4              
 482   4              // relay 1 and relay 2 off => 19.pm - 6.am
 483   4              if((TIME2SECOND(t_hour_begin, t_minute_begin, t_second_begin) > TIME2SECOND(t_hour_end, t_minute_end, 
             -t_second_end)) &&
 484   4                 (timer_mode_flag == WRAP_TIME))
 485   4              {
 486   5                printf("21\r\n"); 
 487   5                if((TIME2SECOND(rtc_time.hours, rtc_time.minutes, rtc_time.seconds) < TIME2SECOND(t_hour_begin, t_min
             -ute_begin, t_second_begin)) && // 6.am -> 19.pm
 488   5                   (TIME2SECOND(rtc_time.hours, rtc_time.minutes, rtc_time.seconds) > TIME2SECOND(t_hour_end, t_minute
             -_end, t_second_end)))
 489   5                {
 490   6                  LED_RELAY1 = LOW;
 491   6                  LED_RELAY2 = LOW;
 492   6                  
 493   6                  timer_flag = LOW;
 494   6                  timer_mode_flag = FLOATNG;
 495   6                  
 496   6                  Write_DATAFLASH_BYTE(DS1307_TIMER_FLAG, timer_flag);
 497   6                  Write_DATAFLASH_BYTE(DS1307_TIMER_MODE_FLAG, timer_mode_flag);
 498   6                  
 499   6                  printf("Jump out active mode 2\r\n");
 500   6                }         
 501   5              }
 502   4            }
 503   3          }
 504   2          
 505   2          request_ds1307_interval = LOW;
 506   2        }
 507   1      }
 508          
 509          /*********************************************************************************************************
             -***
 510               Timer1 interrupt subroutine
 511          **********************************************************************************************************
             -**/
 512          void Timer1_ISR (void) interrupt 3
 513          {
 514   1        _push_(SFRS);
 515   1      
 516   1        tick++;
 517   1        if (tick >= 1000) // for 1s
 518   1        {
 519   2          request_ds1307_interval = HIGH;
 520   2          tick = 0;
 521   2        }
 522   1        
 523   1        TH1 = TH1_INIT;
 524   1        TL1 = TL1_INIT;
 525   1        TF0 = 0;
 526   1        
 527   1        _pop_(SFRS);
 528   1      }


MODULE INFORMATION:   STATIC OVERLAYABLE
   CODE SIZE        =   4158    ----
   CONSTANT SIZE    =    230    ----
   XDATA SIZE       =     33      12
   PDATA SIZE       =   ----    ----
   DATA SIZE        =      2      37
C51 COMPILER V9.60.0.0   APP                                                               03/18/2023 23:14:21 PAGE 10  

   IDATA SIZE       =   ----    ----
   BIT SIZE         =   ----    ----
END OF MODULE INFORMATION.


C51 COMPILATION COMPLETE.  0 WARNING(S),  0 ERROR(S)
