C51 COMPILER V9.60.0.0   DS1307                                                            03/18/2023 00:00:05 PAGE 1   


C51 COMPILER V9.60.0.0, COMPILATION OF MODULE DS1307
OBJECT MODULE PLACED IN .\Objects\ds1307.obj
COMPILER INVOKED BY: C:\Keil_v5\C51\BIN\C51.EXE src\ds1307.c OPTIMIZE(7,SPEED) BROWSE INCDIR(.\inc;.\Library\Device\Incl
                    -ude;.\Library\StdDriver\inc;..\Project) DEBUG OBJECTEXTEND PRINT(.\Listings\ds1307.lst) TABS(2) OBJECT(.\Objects\ds1307.
                    -obj)

line level    source

   1          /* ds1307.c */
   2          
   3          #include "MS51_16K.H"
   4          #include "ds1307.h"
   5          
   6          static uint8_t send_stop(void);
   7          
   8          void DS1307_Init(void)
   9          {
  10   1        I2CLK = 39;
  11   1        /* P1.3 */
  12   1        /* Quasi */
  13   1        P1M1 &= ~(1 << 3);
  14   1        P1M2 &= ~(1 << 3);
  15   1        /* P1.4 */
  16   1        /* Quasi */
  17   1        P1M1 &= ~(1 << 4);
  18   1        P1M2 &= ~(1 << 4);
  19   1        
  20   1        P13 = 1;
  21   1        P14 = 1;
  22   1        
  23   1        I2CEN = 1;
  24   1      }
  25          
  26          uint8_t DS1307_Write(uint8_t Address, uint8_t *pData, uint8_t length)
  27          {
  28   1        uint8_t i;
  29   1        uint16_t t;
  30   1        uint8_t u8TimeOut;
  31   1        
  32   1        if (I2STAT != 0xF8) {
  33   2          return 0;
  34   2        }
  35   1        
  36   1        /* start */
  37   1        STO = 0;
  38   1        STA = 1;
  39   1        SI = 0;
  40   1        t = 1;
  41   1        u8TimeOut = 0;
  42   1        
  43   1        while (1) {
  44   2          if (SI) {
  45   3            break;
  46   3          }
  47   2          if (!t) {
  48   3            u8TimeOut = 1;
  49   3            break;
  50   3          }
  51   2          ++t;
  52   2        }
  53   1        
C51 COMPILER V9.60.0.0   DS1307                                                            03/18/2023 00:00:05 PAGE 2   

  54   1        if (u8TimeOut) {
  55   2          /* start error */
  56   2          send_stop();
  57   2          return 0;
  58   2        }
  59   1        
  60   1        if (I2STAT != 0x08) {
  61   2          /* start error */
  62   2          send_stop();
  63   2          return 0;
  64   2        }
  65   1        
  66   1        /* send DS1307 address */
  67   1        STA = 0;
  68   1        STO = 0;
  69   1        I2DAT = DS1307_ADDRESS_W;
  70   1        SI = 0;
  71   1        t = 1;
  72   1        u8TimeOut = 0;
  73   1        while (1) {
  74   2          if (SI) {
  75   3            break;
  76   3          }
  77   2          if (!t) {
  78   3            u8TimeOut = 1;
  79   3            break;
  80   3          }
  81   2          ++t;
  82   2        }
  83   1        
  84   1        if (u8TimeOut) {
  85   2          /* send address error */
  86   2          send_stop();
  87   2          return 0;
  88   2        }
  89   1        
  90   1        if (I2STAT != 0x18) {
  91   2          /* send address error */
  92   2          send_stop();
  93   2          return 0;
  94   2        }
  95   1        
  96   1        /* send address */
  97   1        STA = 0;
  98   1        STO = 0;
  99   1        I2DAT = Address;
 100   1        SI = 0;
 101   1        t = 1;
 102   1        u8TimeOut = 0;
 103   1        while (1) {
 104   2          if (SI) {
 105   3            break;
 106   3          }
 107   2          if (!t) {
 108   3            u8TimeOut = 1;
 109   3            break;
 110   3          }
 111   2          ++t;
 112   2        }
 113   1        
 114   1        if (u8TimeOut) {
 115   2          /* send address error */
C51 COMPILER V9.60.0.0   DS1307                                                            03/18/2023 00:00:05 PAGE 3   

 116   2          send_stop();
 117   2          return 0;
 118   2        }
 119   1        
 120   1        if (I2STAT != 0x28) {
 121   2          /* send address error */
 122   2          send_stop();
 123   2          return 0;
 124   2        }
 125   1        
 126   1        /* send data */
 127   1        for (i = 0; i < length; ++i) {
 128   2          I2DAT = pData[i];
 129   2          SI = 0;
 130   2          t = 1;
 131   2          u8TimeOut = 0;
 132   2          while (1) {
 133   3            if (SI) {
 134   4              break;
 135   4            }
 136   3            if (!t) {
 137   4              u8TimeOut = 1;
 138   4              break;
 139   4            }
 140   3            ++t;
 141   3          }
 142   2          if (u8TimeOut) {
 143   3            /* send data error */
 144   3            send_stop();
 145   3            return 0;
 146   3          }
 147   2          if (I2STAT != 0x28) {
 148   3            /* send data error */
 149   3            send_stop();
 150   3            return 0;
 151   3          }
 152   2        }
 153   1        
 154   1        /* stop */
 155   1        return send_stop();
 156   1      }
 157          
 158          uint8_t DS1307_Read(uint8_t Address, uint8_t *pData, uint8_t length)
 159          {
 160   1        uint8_t i;
 161   1        uint16_t t;
 162   1        uint8_t u8TimeOut;
 163   1        
 164   1        if (I2STAT != 0xF8) {
 165   2          return 0;
 166   2        }
 167   1        
 168   1        /* start */
 169   1        STO = 0;
 170   1        STA = 1;
 171   1        SI = 0;
 172   1        t = 1;
 173   1        u8TimeOut = 0;
 174   1        
 175   1        while (1) {
 176   2          if (SI) {
 177   3            break;
C51 COMPILER V9.60.0.0   DS1307                                                            03/18/2023 00:00:05 PAGE 4   

 178   3          }
 179   2          if (!t) {
 180   3            u8TimeOut = 1;
 181   3            break;
 182   3          }
 183   2          ++t;
 184   2        }
 185   1        
 186   1        if (u8TimeOut) {
 187   2          /* start error */
 188   2          send_stop();
 189   2          return 0;
 190   2        }
 191   1        
 192   1        if (I2STAT != 0x08) {
 193   2          /* start error */
 194   2          send_stop();
 195   2          return 0;
 196   2        }
 197   1        
 198   1        /* send DS1307 address */
 199   1        STA = 0;
 200   1        STO = 0;
 201   1        I2DAT = DS1307_ADDRESS_W;
 202   1        SI = 0;
 203   1        t = 1;
 204   1        u8TimeOut = 0;
 205   1        while (1) {
 206   2          if (SI) {
 207   3            break;
 208   3          }
 209   2          if (!t) {
 210   3            u8TimeOut = 1;
 211   3            break;
 212   3          }
 213   2          ++t;
 214   2        }
 215   1        
 216   1        if (u8TimeOut) {
 217   2          /* send address error */
 218   2          send_stop();
 219   2          return 0;
 220   2        }
 221   1        
 222   1        if (I2STAT != 0x18) {
 223   2          /* send address error */
 224   2          send_stop();
 225   2          return 0;
 226   2        }
 227   1        
 228   1        /* send address */
 229   1        STA = 0;
 230   1        STO = 0;
 231   1        I2DAT = Address;
 232   1        SI = 0;
 233   1        t = 1;
 234   1        u8TimeOut = 0;
 235   1        while (1) {
 236   2          if (SI) {
 237   3            break;
 238   3          }
 239   2          if (!t) {
C51 COMPILER V9.60.0.0   DS1307                                                            03/18/2023 00:00:05 PAGE 5   

 240   3            u8TimeOut = 1;
 241   3            break;
 242   3          }
 243   2          ++t;
 244   2        }
 245   1        
 246   1        if (u8TimeOut) {
 247   2          /* send address error */
 248   2          send_stop();
 249   2          return 0;
 250   2        }
 251   1        
 252   1        if (I2STAT != 0x28) {
 253   2          /* send address error */
 254   2          send_stop();
 255   2          return 0;
 256   2        }
 257   1        
 258   1        /* start */
 259   1        STO = 0;
 260   1        STA = 1;
 261   1        SI = 0;
 262   1        t = 1;
 263   1        u8TimeOut = 0;
 264   1        
 265   1        while (1) {
 266   2          if (SI) {
 267   3            break;
 268   3          }
 269   2          if (!t) {
 270   3            u8TimeOut = 1;
 271   3            break;
 272   3          }
 273   2          ++t;
 274   2        }
 275   1        
 276   1        if (u8TimeOut) {
 277   2          /* start error */
 278   2          send_stop();
 279   2          return 0;
 280   2        }
 281   1        
 282   1        if (I2STAT != 0x10) {
 283   2          /* start error */
 284   2          send_stop();
 285   2          return 0;
 286   2        }
 287   1        
 288   1        /* send DS1307 address */
 289   1        STA = 0;
 290   1        STO = 0;
 291   1        I2DAT = DS1307_ADDRESS_R;
 292   1        SI = 0;
 293   1        t = 1;
 294   1        u8TimeOut = 0;
 295   1        while (1) {
 296   2          if (SI) {
 297   3            break;
 298   3          }
 299   2          if (!t) {
 300   3            u8TimeOut = 1;
 301   3            break;
C51 COMPILER V9.60.0.0   DS1307                                                            03/18/2023 00:00:05 PAGE 6   

 302   3          }
 303   2          ++t;
 304   2        }
 305   1        
 306   1        if (u8TimeOut) {
 307   2          /* send address error */
 308   2          send_stop();
 309   2          return 0;
 310   2        }
 311   1        
 312   1        if (I2STAT != 0x40) {
 313   2          /* send address error */
 314   2          send_stop();
 315   2          return 0;
 316   2        }
 317   1        
 318   1        /* get data */
 319   1        for (i = 0; i < length - 1; ++i) {
 320   2          AA = 1;
 321   2          SI = 0;
 322   2          t = 1;
 323   2          u8TimeOut = 0;
 324   2          while (1) {
 325   3            if (SI) {
 326   4              break;
 327   4            }
 328   3            if (!t) {
 329   4              u8TimeOut = 1;
 330   4              break;
 331   4            }
 332   3            ++t;
 333   3          }
 334   2          if (u8TimeOut) {
 335   3            /* send data error */
 336   3            send_stop();
 337   3            return 0;
 338   3          }
 339   2          if (I2STAT != 0x50) {
 340   3            /* send data error */
 341   3            send_stop();
 342   3            return 0;
 343   3          }
 344   2          pData[i] = I2DAT;
 345   2        }
 346   1        
 347   1        /* last byte */
 348   1        AA = 0;
 349   1        SI = 0;
 350   1        t = 1;
 351   1        u8TimeOut = 0;
 352   1        while (1) {
 353   2          if (SI) {
 354   3            break;
 355   3          }
 356   2          if (!t) {
 357   3            u8TimeOut = 1;
 358   3            break;
 359   3          }
 360   2          ++t;
 361   2        }
 362   1        if (u8TimeOut) {
 363   2          /* send data error */
C51 COMPILER V9.60.0.0   DS1307                                                            03/18/2023 00:00:05 PAGE 7   

 364   2          send_stop();
 365   2          return 0;
 366   2        }
 367   1        if (I2STAT != 0x58) {
 368   2          /* send data error */
 369   2          send_stop();
 370   2          return 0;
 371   2        }
 372   1        pData[i] = I2DAT;
 373   1        /* stop */
 374   1        return send_stop();
 375   1      }
 376          
 377          uint8_t DS1307_CheckAddress(void)
 378          {
 379   1        uint16_t t;
 380   1        uint8_t u8TimeOut;
 381   1        
 382   1        if (I2STAT != 0xF8) {
 383   2          return 0;
 384   2        }
 385   1        
 386   1        /* start */
 387   1        STO = 0;
 388   1        STA = 1;
 389   1        SI = 0;
 390   1        t = 1;
 391   1        u8TimeOut = 0;
 392   1        
 393   1        while (1) {
 394   2          if (SI) {
 395   3            break;
 396   3          }
 397   2          if (!t) {
 398   3            u8TimeOut = 1;
 399   3            break;
 400   3          }
 401   2          ++t;
 402   2        }
 403   1        
 404   1        if (u8TimeOut) {
 405   2          /* start error */
 406   2          send_stop();
 407   2          return 0;
 408   2        }
 409   1        
 410   1        if (I2STAT != 0x08) {
 411   2          /* start error */
 412   2          send_stop();
 413   2          return 0;
 414   2        }
 415   1        
 416   1        /* send address */
 417   1        STA = 0;
 418   1        STO = 0;
 419   1        I2DAT = DS1307_ADDRESS_R;
 420   1        SI = 0;
 421   1        t = 1;
 422   1        u8TimeOut = 0;
 423   1        while (1) {
 424   2          if (SI) {
 425   3            break;
C51 COMPILER V9.60.0.0   DS1307                                                            03/18/2023 00:00:05 PAGE 8   

 426   3          }
 427   2          if (!t) {
 428   3            u8TimeOut = 1;
 429   3            break;
 430   3          }
 431   2          ++t;
 432   2        }
 433   1        
 434   1        if (u8TimeOut) {
 435   2          /* send address error */
 436   2          send_stop();
 437   2          return 0;
 438   2        }
 439   1        
 440   1        if (I2STAT != 0x40) {
 441   2          /* send address error */
 442   2          send_stop();
 443   2          return 0;
 444   2        }
 445   1        
 446   1        /* last byte */
 447   1        AA = 0;
 448   1        SI = 0;
 449   1        t = 1;
 450   1        u8TimeOut = 0;
 451   1        while (1) {
 452   2          if (SI) {
 453   3            break;
 454   3          }
 455   2          if (!t) {
 456   3            u8TimeOut = 1;
 457   3            break;
 458   3          }
 459   2          ++t;
 460   2        }
 461   1        if (u8TimeOut) {
 462   2          /* send data error */
 463   2          send_stop();
 464   2          return 0;
 465   2        }
 466   1        if (I2STAT != 0x58) {
 467   2          /* send data error */
 468   2          send_stop();
 469   2          return 0;
 470   2        }
 471   1        t = I2DAT;
 472   1        /* stop */
 473   1        return send_stop();
 474   1      }
 475          
 476          uint8_t send_stop(void)
 477          {
 478   1        uint16_t t;
 479   1        uint8_t u8TimeOut;
 480   1        
 481   1        STA = 0;
 482   1        STO = 1;
 483   1        SI = 0;
 484   1        t = 1;
 485   1        u8TimeOut = 0;
 486   1        while (1) {
 487   2          if (I2STAT == 0xF8) {
C51 COMPILER V9.60.0.0   DS1307                                                            03/18/2023 00:00:05 PAGE 9   

 488   3            break;
 489   3          }
 490   2          if (!t) {
 491   3            u8TimeOut = 1;
 492   3            break;
 493   3          }
 494   2          ++t;
 495   2        }
 496   1        return (!u8TimeOut);
 497   1      }
 498          
 499          uint8_t dec2bcd(uint8_t value)
 500          {
 501   1        uint8_t m, n;
 502   1        uint8_t bcd;
 503   1        
 504   1        bcd = value;
 505   1        if (value >= 10)
 506   1        {
 507   2          m = value/10;
 508   2          n = value%10;
 509   2          bcd = (m << 4) | n;
 510   2        }
 511   1        
 512   1        return bcd;
 513   1      }
 514          
 515          uint8_t bcd2dec(uint8_t value)
 516          {
 517   1        uint8_t m, n;
 518   1        
 519   1        m = (uint8_t)((value >> 4) * 10);
 520   1        n = value & (uint8_t)0x0F;
 521   1      
 522   1        return (m + n);
 523   1      }
 524          
 525          void DS1307_Set_Current_Time(RTC_time_t *rtc_time)
 526          {
 527   1        uint8_t hours, minutes, seconds;
 528   1        
 529   1        seconds = dec2bcd(rtc_time->seconds);
 530   1        seconds &= ~(1 << 7);
 531   1        DS1307_Write(DS1307_SECONDS, &seconds, 1);
 532   1        
 533   1        minutes = dec2bcd(rtc_time->minutes);
 534   1        DS1307_Write(DS1307_MINUTES, &minutes, 1);
 535   1        
 536   1        hours = dec2bcd(rtc_time->hours);
 537   1        if(rtc_time->time_format == TIME_FORMAT_24HRS) 
 538   1        {
 539   2          hours &= ~(1 << 6);
 540   2        }
 541   1        else
 542   1        {
 543   2          hours |= ~(1 << 6);
 544   2          
 545   2          if(rtc_time->time_format == TIME_FORMAT_12HRS_PM)
 546   2          {
 547   3            hours |= (1 << 5);
 548   3          }
 549   2          else 
C51 COMPILER V9.60.0.0   DS1307                                                            03/18/2023 00:00:05 PAGE 10  

 550   2          {
 551   3            hours &= ~(1 << 5);
 552   3          }
 553   2        }
 554   1        
 555   1        DS1307_Write(DS1307_HOURS, &hours, 1);
 556   1      }
 557          
 558          void DS1307_Set_Current_Date(RTC_date_t *rtc_date)
 559          {
 560   1        uint8_t day, date, month, year;
 561   1        
 562   1        day = dec2bcd(rtc_date->day);
 563   1        DS1307_Write(DS1307_DAY, &day, 1);
 564   1        
 565   1        date = dec2bcd(rtc_date->date);
 566   1        DS1307_Write(DS1307_DATE, &date, 1);
 567   1        
 568   1        month = dec2bcd(rtc_date->month);
 569   1        DS1307_Write(DS1307_MONTH, &month, 1);
 570   1        
 571   1        year = dec2bcd(rtc_date->year);
 572   1        DS1307_Write(DS1307_YEAR, &year, 1);
 573   1      }
 574          
 575          void DS1307_Get_Current_Time(RTC_time_t *rtc_time)
 576          {
 577   1        uint8_t hours, minutes, seconds;
 578   1        
 579   1        DS1307_Read(DS1307_SECONDS, &seconds, 1);
 580   1        seconds &=  ~(1 << 7);
 581   1        rtc_time->seconds = bcd2dec(seconds);
 582   1        
 583   1        DS1307_Read(DS1307_MINUTES, &minutes, 1);
 584   1        rtc_time->minutes = bcd2dec(minutes);
 585   1        
 586   1        DS1307_Read(DS1307_HOURS, &hours, 1);
 587   1        if( hours & (1 << 6))
 588   1        {
 589   2          // 12 hour format
 590   2          rtc_time->time_format = !((hours & (1 << 5)) == 0);
 591   2          hours &= ~(0x03 << 5); // bit 5, 6
 592   2        }
 593   1        else 
 594   1        {
 595   2          rtc_time->time_format = TIME_FORMAT_24HRS;
 596   2        }
 597   1        rtc_time->hours = bcd2dec(hours);
 598   1      }
 599          
 600          void DS1307_Get_Current_Date(RTC_date_t *rtc_date)
 601          {
 602   1        uint8_t day, date, month, year;
 603   1        
 604   1        DS1307_Read(DS1307_DAY, &day, 1);
 605   1        rtc_date->day = bcd2dec(day);
 606   1        
 607   1        DS1307_Read(DS1307_DATE, &date, 1);
 608   1        rtc_date->date = bcd2dec(date);
 609   1        
 610   1        DS1307_Read(DS1307_MONTH, &month, 1);
 611   1        rtc_date->month = bcd2dec(month);
C51 COMPILER V9.60.0.0   DS1307                                                            03/18/2023 00:00:05 PAGE 11  

 612   1        
 613   1        DS1307_Read(DS1307_YEAR, &year, 1);
 614   1        rtc_date->year = bcd2dec(year);
 615   1      }


MODULE INFORMATION:   STATIC OVERLAYABLE
   CODE SIZE        =   1689    ----
   CONSTANT SIZE    =   ----    ----
   XDATA SIZE       =   ----    ----
   PDATA SIZE       =   ----    ----
   DATA SIZE        =   ----      47
   IDATA SIZE       =   ----    ----
   BIT SIZE         =   ----    ----
END OF MODULE INFORMATION.


C51 COMPILATION COMPLETE.  0 WARNING(S),  0 ERROR(S)
